>1:2-501
TACCATATGTGACATAAAATAAAAAAGAACATAACCTACGTATCAACTAAAGTGGTTGTT
TGCAGAAAAGGAAGACTTAAAAAGAGTCAGTACTAACCTACATAATATATACAATGTTCA
TTAAATAATAAAATGAGCTCATCATACTTAGGTCATCATAAATATATCTGAAATTCACAA
ATATTGATCAAATGGTAAAATAGACAAGTAGATTTTAATAGGTTAAACAATTACTGATTC
TCTTGAAAGAATAAATTTAATATGAGACCTATTTCATTATAATGAACTCACAAATTAGAA
ACTTCACACTGGGGGCTGGAGAGATGGCTCAGTAGTTAAGAACACTGACTGCTCTTCTGA
AGGTCCTGAGTTCAAATCCCAGCAACCACATGGTGACTTACAACCATCTGTAATGACATC
TGATGCCCTCTGGTGTGTCTGAAGACAGCTACAGTGTACTTACATAAAATAATAAATAAA
TCTTTAAAAACAAAAAAAAAGAA
>2
GAAGATCTTTTCCTTATTAAGGATCTGAAGCTCTGTAGATTTGTATTCTATTAAACATGG
AGAGATTAGTGATTTTCCATATTCTTTAAGTCATTTTAGAGTAATGTGTTCTTAAGATAA
ATCAGAAAAACAAAAACTTGTGCTTTCCTGTTTGAAAAACAAACAGCTGTGGGGAATGGT
GTCGGGACAGCCTTTTTATAAAATAATGTTGAGGCTTTGATACGTCAAAGTTATATTTCA
AATGGAATCACTTAGACCTCGTTTCTGAGTGTCAATGGCCATATTGGGGATTTGCTGCTG
CCAATGACAGCACACCCTGGGAATGCCCCAACTACTTACTACAAAGCAGTGTTACATGGA
GAAGATCTTCAAGAGTCTTTTTGCTAGATCTTTCCTTGGCTTTTGATGTGACTCCTCTCA
ATAAAATCCACAGTAATATAGTGAGTGGTCTCCTGCTCCAAACCAGTATTTCAGACACAG
TTAATCCAGAC
