#[1]CHROM	[2]POS	[3]REF	[4]ALT	[5]A	[6]B
1	3000150	C	T	-1.0	-1.0
1	3000151	C	T	-1.0	-1.0
1	3062915	GTTT	G	1.0	1.0
1	3062915	G	T	1.0	1.0
1	3106154	CAAA	C	-1.0	-1.0
1	3106154	C	CT	-1.0	-1.0
1	3157410	GA	G	2.0	2.0
1	3162006	GAA	G	-1.0	-1.0
1	3177144	G	T	-1.0	-1.0
1	3177144	G	.	0.0	0.0
1	3184885	TAAAA	TA	-1.0	-1.0
2	3199812	G	GTT	-1.0	-1.0
3	3212016	CTT	C	-1.0	-1.0
4	3258448	TACACACAC	T	-1.0	-1.0
