11	135006516	2
20	63025520	7
X	155270560	4
Y	59373566	2
