1	3062915	GTTT	G	11
1	3106154	CAAA	C	11
1	3157410	GA	G	11
1	3162006	GAA	G	11
1	3177144	GT	G	11
1	3184885	TAAAA	TA,T	11
4	3212016	TACACACAC	T	11
