2	3199812	G	GTT,GT	10
3	3212016	CTT	C,CT	10
4	3258448	TACACACAC	T	10
