chr11	2343543	.	A	.	999	PASS	.
chr11	5464562	.	C	T	999	PASS	.
chr11	116870911	.	C	G	999	PASS	.
