1 3062915 GTT,G
1 3062915 G,T
1 3106154 CA,C
1 3106154 C,T,CT
1 3157410 G,A
1 3162006 G,A
1 3184885 T,TA
2 3199815 C,T
3 3212016 C,A
3 3212036 C,A
