20	1234568	.	A	G,C,T	50	PASS	NS=3;DP=9;AC=2,2,2;AN=8	GT:GQ:DP:TS	0/1:35:4:A,.	2/2:17:2:.	3/3:40:3:.	0/1:17:2:.
