20	1234567	.	A	G,C,T	50	PASS	NS=3;DP=9;AC=3,1,1;AN=8	GT:GQ:DP:TS	0/1:35:4:A,.	0/2:17:2:.	1/1:40:3:.	0/3:17:2:.
