>1:2-501
TACMAWATRTGATAAAATMAAAAAGAACATAACCTACGTATCAACTAAAGTGGTTGTTTG
MAGAAAAGGAAGACTTAAAAAGAGTCAGTACTAACCTACATAATATATACAATGTTCATT
AAATAATAAAATGAGCTCATCATACTTAGGTCATCATAAATATATCTGAAATTCACAAAT
ATTGATCAAATGGTAAAATAGACAAGTAGATTTTAATAGGTTAAACAATTACTGATTCTC
TTGAAAGAATAAATTTAATATGAGACCTATTTCATTATAATGAACTCACAAATTAGAAAC
TTCACACTGGGGGCTGGAGAGATGGCTCAGTAGTTAAGAACACTGACTGCTCTTCTGAAG
GTCCTGAGTTCAAATCCCAGCAACCACATGGTGACTTACAACCATCTGTAATGACATCTG
NNNNNNNNNNNNNNNNNNNNNNNNNNNNNNNNNNNNNNNNNNNNNNNNNNNNNNNNNNNN
TTTAAAAACAAAAAAAAAGAA
>2
NNNNNNNNNNNNNNNNNNNNNNNNNNNNNNNNNNNNNNNNNNNNNNNNNNNNNNNNNNNN
AAATTAGTGATTTTCCATATTCTTTAAGTCATTTTAGAGTAATGTGTTCTTAAGATTTCA
GAAAAACAAAAACTTGTGCTTTCCTGTTTGAAAAACAAACAGCTGTGGGGAATGGACGTA
CGTTGTCGGGACAGCCTTTTTATAAAATAATGTTGAGGCTTTGATACGTCAAAGNNNNNN
NNNNNNNNNNNNNNNNNNNNNNNNNNNNNNNNNNNNNNNNNNNNNNNNNNNNNNTTTGCT
GCTGCCAATGACAGCACACCCTGGGAATGCCCCAACTACTTACTACAAAGCAGTGTTACA
TGGAGAAGATCTTCAAGAGTCTTTTTGCTAGATCTTTCCTTGGCTTTTGATGTGACTCCT
CTCAATAAAATCCACAGTAATATAGTGAGTGGTCTCCTGCTCCAAACCAGTATTYCAGAC
ACAGTTAATCCAGAC
