>1:2-501
TACCATATGTGACATAAAATAAAAAAGAACATAACCTACGTATCAACTAAAGTGGTTGTT
TGCAGAAAAGGAAGACTTAAAAAGAGTCAGTACTAACCTACATAATATATACAATGTTCA
TTAAATAATAAAATGAGCTCATCATACTTAGGTCATCATAAATATATCTGAAATTCACAA
ATATTGATCAAATGGTAAAATAGACAAGTAGATTTTAATAGGTTAAACAATTACTGATTC
TCTTGAAAGAATAAATTTAATATGAGACCTATTTCATTATAATGAACTCACAAATTAGAA
ACTTCACACTGGGGGCTGGAGAGATGGCTCAGTAGTTAAGAACACTGACTGCTCTTCTGA
AGGTCCTGAGTTCAAATCCCAGCAACCACATGGTGACTTACAACCATCTGTAATGACATC
TGNNNNNNNNNNNNNNNNNNNNNNNNNNNNNNNNNNNNNNNNNNNNNNNNNNNNNNNNNN
NNTTTAAAAACAAAAAAAAAGAA
>2
NNNNNNNNNNNNNNNNNNNNNNNNNNNNNNNNNNNNNNNNNNNNNNNNNNNNNNNNNNNN
AGAGATTAGTGATTTTCCATATTCTTTAAGTCATTTTAGAGTAATGTGTTCTTAAGATAA
ATCAGAAAAACAAAAACTTGTGCTTTCCTGTTTGAAAAACAAACAGCTGTGGGGAATGGT
GTCGGGACAGCCTTTTTATAAAATAATGTTGAGGCTTTGATACGTCAAAGNNNNNNNNNN
NNNNNNNNNNNNNNNNNNNNNNNNNNNNNNNNNNNNNNNNNNNNNNNNNNTTTGCTGCTG
CCAATGACAGCACACCCTGGGAATGCCCCAACTACTTACTACAAAGCAGTGTTACATGGA
GAAGATCTTCAAGAGTCTTTTTGCTAGATCTTTCCTTGGCTTTTGATGTGACTCCTCTCA
ATAAAATCCACAGTAATATAGTGAGTGGTCTCCTGCTCCAAACCAGTATTTCAGACACAG
TTAATCCAGAC
