##fileformat=VCFv4.2
##FILTER=<ID=PASS,Description="All filters passed">
##contig=<ID=22,length=30>
#CHROM	POS	ID	REF	ALT	QUAL	FILTER	INFO
22	1	.	NN	N	.	.	.
