I8=. I16=. I32=. IF=. IA8=. IA16=. IA32=. IAF=. IA8=. IA16=. IA32=. IAF=.  .:.:.:. .:.:.:.
I8=. I16=. I32=. IF=. IA8=. IA16=. IA32=. IAF=. IA8=. IA16=. IA32=. IAF=.  .:.:.:. .:.:.:.
I8=. I16=. I32=. IF=. IA8=10,. IA16=1000,. IA32=100000,. IAF=0.003,. IA8=. IA16=. IA32=. IAF=.  10:1000:100000:0.003 .:.:.:.
I8=. I16=. I32=. IF=. IA8=. IA16=. IA32=. IAF=. IA8=. IA16=. IA32=. IAF=.  10:1000:100000:0.003 .:.:.:.
I8=. I16=. I32=. IF=. IA8=. IA16=. IA32=. IAF=. IA8=. IA16=. IA32=. IAF=.  10:1000:100000:0.003 .:.:.:.
