1	3162007	.	TAGGG	CAGGG,CAGGT	238	PASS	AO=52101,113;CIGAR=1X4M,1X3M1X;TXT0=text	GT:FGS:FGI:FGF:FAS:FAI:FAF:FRS:FRI:FRF	0/1:AAAAAA,BBBBB,CCCC,DDD,EE,F:1,2,3,4,5,6:0.1,0.02,0.003,0.0004,5e-05,6e-06:AAA,B:1,2:0.1,0.02:A,BB,CCC:1,2,3:0.1,0.02,0.003	2:AAAAAA,BBB,C:1,2,3:0.1,0.02,0.003:AAA,B:1,2:0.1,0.02:A,BB,CCC:1,2,3:0.1,0.02,0.003
