11	5464562	.	C	T	999	PASS	DP=0;AC=0;AN=0	GT:PL:DP:GQ	./.:0,0,0:.:.	./.:0,0,0:.:.	./.:0,0,0:.:.
