##fileformat=VCFv4.1
##FILTER=<ID=PASS,Description="All filters passed">
##reference=file:///seq/references/1000Genomes-NCBI37.fasta
##contig=<ID=11,length=135006516>
##contig=<ID=20,length=63025520>
##contig=<ID=X,length=155270560>
##contig=<ID=Y,length=59373566>
##INFO=<ID=DP,Number=1,Type=Integer,Description="Raw read depth">
##INFO=<ID=DP4,Number=4,Type=Integer,Description="# high-quality ref-forward bases, ref-reverse, alt-forward and alt-reverse bases">
##INFO=<ID=Dels,Number=1,Type=Float,Description="Fraction of reads containing spanning deletions">
##INFO=<ID=FS,Number=1,Type=Float,Description="Phred-scaled p-value using Fisher's exact test to detect strand bias">
##INFO=<ID=HRun,Number=1,Type=Integer,Description="Largest contiguous homopolymer run of variant allele in either direction">
##INFO=<ID=HWE,Number=1,Type=Float,Description="Hardy-Weinberg equilibrium test (PMID:15789306)">
##INFO=<ID=ICF,Number=1,Type=Float,Description="Inbreeding coefficient F">
##INFO=<ID=INDEL,Number=0,Type=Flag,Description="Indicates that the variant is an INDEL.">
##INFO=<ID=IS,Number=2,Type=Float,Description="Maximum number of reads supporting an indel and fraction of indel reads">
##INFO=<ID=MQ,Number=1,Type=Integer,Description="Root-mean-square mapping quality of covering reads">
##INFO=<ID=MQ0,Number=1,Type=Integer,Description="Total mapping quality zero reads">
##INFO=<ID=PV4,Number=4,Type=Float,Description="P-values for strand bias, baseQ bias, mapQ bias and tail distance bias">
##INFO=<ID=QD,Number=1,Type=Float,Description="Variant confidence/quality by depth">
##INFO=<ID=AC,Number=A,Type=Integer,Description="Allele count in genotypes">
##INFO=<ID=AN,Number=1,Type=Integer,Description="Total number of alleles in called genotypes">
##FORMAT=<ID=DP,Number=1,Type=Integer,Description="# high-quality bases">
##FORMAT=<ID=GQ,Number=1,Type=Integer,Description="Genotype Quality">
##FORMAT=<ID=GT,Number=1,Type=String,Description="Genotype">
##FORMAT=<ID=PL,Number=G,Type=Integer,Description="List of Phred-scaled genotype likelihoods">
##FILTER=<ID=StrandBias,Description="Min P-value for strand bias (INFO/PV4) [0.0001]">
##FILTER=<ID=BaseQualBias,Description="Min P-value for baseQ bias (INFO/PV4) [1e-100]">
##FILTER=<ID=MapQualBias,Description="Min P-value for mapQ bias (INFO/PV4) [0]">
##FILTER=<ID=EndDistBias,Description="Min P-value for end distance bias (INFO/PV4) [0.0001]">
##FILTER=<ID=MinAB,Description="Minimum number of alternate bases (INFO/DP4) [2]">
#CHROM	POS	ID	REF	ALT	QUAL	FILTER	INFO	FORMAT	NA00003
20	76962	rs6111385	T	C	999	PASS	DP4=110138,70822,421911,262673;DP=911531;Dels=0;FS=21.447;HWE=0.491006;ICF=-0.01062;MQ0=1;MQ=46;PV4=2.5e-09,0,0,1;QD=22.31;AC=2;AN=2	GT:PL:DP:GQ	1/1:255,255,0:182:99
20	138125	rs2298108	G	T	999	PASS	DP4=174391,20849,82080,4950;DP=286107;Dels=0;FS=3200;HWE=0.199462;ICF=0.01858;MQ0=0;MQ=46;PV4=0,0,0,1;QD=17.22;AN=2;AC=2	GT:PL:DP:GQ	1/1:255,199,0:66:99
20	138148	rs2298109	C	T	999	PASS	DP4=194136,45753,94945,14367;DP=356657;Dels=0;FS=3200;HWE=0.177865;ICF=0.0198;MQ0=0;MQ=47;PV4=0,0,0,1;QD=14.57;AN=2;AC=2	GT:PL:DP:GQ	1/1:255,235,0:78:99
